../Core/TM1637/tm1637.c:10:13:tm1637_delay	16	static
../Core/TM1637/tm1637.c:15:6:tm1637_delay_long	24	static
../Core/TM1637/tm1637.c:20:13:tm1637_start	8	static
../Core/TM1637/tm1637.c:29:13:tm1637_stop	8	static
../Core/TM1637/tm1637.c:40:13:tm1637_write_byte	24	static
../Core/TM1637/tm1637.c:56:16:tm1637_get_ack	16	static
../Core/TM1637/tm1637.c:69:13:tm1637_write	24	static
../Core/TM1637/tm1637.c:78:6:tm1637_set_brightness	24	static
../Core/TM1637/tm1637.c:89:6:tm1637_show_digits	32	static
../Core/TM1637/tm1637.c:117:6:tm1637_show_segments	24	static
../Core/TM1637/tm1637.c:135:6:uint8_to_spaced_string	24	static
